[     440ms] [INFO] 框架和 SDK 输出的日志默认不展示，可在框架配置文件中设置开启，详见 https://doc.weixin.qq.com/doc/w3_AWkASAb9APAr8IdJI5VS0OyqetUE6?scode=ANAAyQcbAAgB8qKjm9AWkASAb9APA @ https://fe-static.xhscdn.com/formula-static/xhs-pc-web/public/resource/js/vendor-dynamic.43700849.js:0
[     488ms] [LOG] Error @ :2
[     537ms] [ERROR] [apm] region is required! @ https://fe-static.xhscdn.com/formula-static/xhs-pc-web/public/resource/js/vendor-dynamic.43700849.js:0
[     560ms] [LOG] Error @ :2
[     569ms] [LOG] Error @ :2
[     585ms] [LOG] Error @ :2
[     680ms] [LOG] Error @ :2
[     841ms] [ERROR] Hydration completed but contains mismatches. @ https://fe-static.xhscdn.com/formula-static/xhs-pc-web/public/resource/js/library-vue.987332a8.js:0
[     920ms] [LOG] Error @ :2
[     927ms] [LOG] Error @ :2
[     982ms] [ERROR] [loginStatusInterceptor] Response error: HTTPServerError: 无登录信息，或登录信息为空
    at fulfilled (https://fe-static.xhscdn.com/formula-static/xhs-pc-web/public/resource/js/vendor-dynamic.43700849.js:1:196805)
    at https://fe-static.xhscdn.com/formula-static/xhs-pc-web/public/resource/js/vendor-dynamic.43700849.js:1:197334 {data: Object, status: 401, statusText: , headers: Object, config: Object} {url: //edith.xiaohongshu.com/api/sns/web/v2/user/me, method: get, headers: Object, transformRequest: Array(1), transformResponse: Array(1)} @ https://fe-static.xhscdn.com/formula-static/xhs-pc-web/public/resource/js/index.9fe4a59a.js:24
[     984ms] [LOG] Error @ :2
[     988ms] [ERROR] [loginStatusInterceptor] Response error: HTTPServerError: 无登录信息，或登录信息为空
    at fulfilled (https://fe-static.xhscdn.com/formula-static/xhs-pc-web/public/resource/js/vendor-dynamic.43700849.js:1:196805)
    at https://fe-static.xhscdn.com/formula-static/xhs-pc-web/public/resource/js/vendor-dynamic.43700849.js:1:197334 {data: Object, status: 401, statusText: , headers: Object, config: Object} {url: //edith.xiaohongshu.com/api/sns/web/v1/system/config, method: get, headers: Object, transformRequest: Array(1), transformResponse: Array(1)} @ https://fe-static.xhscdn.com/formula-static/xhs-pc-web/public/resource/js/index.9fe4a59a.js:24
[     994ms] [ERROR] [loginStatusInterceptor] Response error: HTTPServerError: 无登录信息，或登录信息为空
    at fulfilled (https://fe-static.xhscdn.com/formula-static/xhs-pc-web/public/resource/js/vendor-dynamic.43700849.js:1:196805)
    at https://fe-static.xhscdn.com/formula-static/xhs-pc-web/public/resource/js/vendor-dynamic.43700849.js:1:197334 {data: Object, status: 401, statusText: , headers: Object, config: Object} {url: //edith.xiaohongshu.com/api/sns/web/v1/config, method: post, headers: Object, transformRequest: Array(1), transformResponse: Array(1)} @ https://fe-static.xhscdn.com/formula-static/xhs-pc-web/public/resource/js/index.9fe4a59a.js:24
[    1000ms] [LOG] Service Worker registered success with scope: https://www.xiaohongshu.com/ @ https://fe-static.xhscdn.com/formula-static/xhs-pc-web/public/resource/js/index.9fe4a59a.js:24
[    1045ms] [ERROR] [loginStatusInterceptor] Response error: HTTPServerError: 无登录信息，或登录信息为空
    at fulfilled (https://fe-static.xhscdn.com/formula-static/xhs-pc-web/public/resource/js/vendor-dynamic.43700849.js:1:196805)
    at https://fe-static.xhscdn.com/formula-static/xhs-pc-web/public/resource/js/vendor-dynamic.43700849.js:1:197334 {data: Object, status: 401, statusText: , headers: Object, config: Object} {url: //edith.xiaohongshu.com/api/sns/web/v2/user/me, method: get, headers: Object, transformRequest: Array(1), transformResponse: Array(1)} @ https://fe-static.xhscdn.com/formula-static/xhs-pc-web/public/resource/js/index.9fe4a59a.js:24
[    1158ms] [LOG] Error @ :2
[    1166ms] [LOG] Error @ :2
[    1186ms] [INFO] Banner not shown: beforeinstallpromptevent.preventDefault() called. The page must call beforeinstallpromptevent.prompt() to show the banner. @ https://www.xiaohongshu.com/explore:0
[    1222ms] [LOG] Error @ :2
[    1228ms] [LOG] Error @ :2
[    2057ms] [ERROR] Failed to load resource: net::ERR_FAILED @ chrome-extension://invalid/:0
[    2058ms] [ERROR] Failed to load resource: net::ERR_FAILED @ chrome-extension://invalid/:0
[    2058ms] [ERROR] Failed to load resource: net::ERR_FAILED @ chrome-extension://invalid/:0
[    2058ms] [ERROR] Failed to load resource: net::ERR_FAILED @ chrome-extension://invalid/:0
[    2058ms] [ERROR] Failed to load resource: net::ERR_FAILED @ chrome-extension://invalid/:0
[    2058ms] [ERROR] Failed to load resource: net::ERR_FAILED @ chrome-extension://invalid/:0
[    2058ms] [ERROR] Failed to load resource: net::ERR_FAILED @ chrome-extension://invalid/:0
[    2058ms] [ERROR] Failed to load resource: net::ERR_FAILED @ chrome-extension://invalid/:0
[    3505ms] [LOG] Error @ :2
[    4193ms] [ERROR] Failed to load resource: net::ERR_CONNECTION_CLOSED @ https://t2.xiaohongshu.com/api/v2/collect:0
[    4194ms] [ERROR] Failed to load resource: net::ERR_CONNECTION_CLOSED @ https://t2.xiaohongshu.com/api/v2/collect:0
[    4194ms] [ERROR] Failed to load resource: net::ERR_CONNECTION_CLOSED @ https://t2.xiaohongshu.com/api/v2/collect:0
[    4194ms] [ERROR] Failed to load resource: net::ERR_CONNECTION_CLOSED @ https://t2.xiaohongshu.com/api/v2/collect:0
[    4194ms] [ERROR] Failed to load resource: net::ERR_CONNECTION_CLOSED @ https://t2.xiaohongshu.com/api/v2/collect:0
[    4194ms] [ERROR] Failed to load resource: net::ERR_CONNECTION_CLOSED @ https://t2.xiaohongshu.com/api/v2/collect:0
[    4194ms] [ERROR] Failed to load resource: net::ERR_CONNECTION_CLOSED @ https://t2.xiaohongshu.com/api/v2/collect:0
[    4194ms] [ERROR] Failed to load resource: net::ERR_CONNECTION_CLOSED @ https://t2.xiaohongshu.com/api/v2/collect:0
[    4194ms] [ERROR] Failed to load resource: net::ERR_CONNECTION_CLOSED @ https://t2.xiaohongshu.com/api/v2/collect:0
[    4194ms] [ERROR] Failed to load resource: net::ERR_CONNECTION_CLOSED @ https://t2.xiaohongshu.com/api/v2/collect:0
[    4194ms] [ERROR] Failed to load resource: net::ERR_CONNECTION_CLOSED @ https://t2.xiaohongshu.com/api/v2/collect:0
[    4194ms] [ERROR] Failed to load resource: net::ERR_CONNECTION_CLOSED @ https://t2.xiaohongshu.com/api/v2/collect:0
[    4194ms] [ERROR] Failed to load resource: net::ERR_CONNECTION_CLOSED @ https://t2.xiaohongshu.com/api/v2/collect:0
[    4194ms] [ERROR] Failed to load resource: net::ERR_CONNECTION_CLOSED @ https://t2.xiaohongshu.com/api/v2/collect:0
[    4194ms] [ERROR] Failed to load resource: net::ERR_CONNECTION_CLOSED @ https://t2.xiaohongshu.com/api/v2/collect:0
[    4195ms] [ERROR] Failed to load resource: net::ERR_CONNECTION_CLOSED @ https://t2.xiaohongshu.com/api/v2/collect:0
[    4200ms] [ERROR] Failed to load resource: net::ERR_CONNECTION_CLOSED @ https://apm-fe.xiaohongshu.com/api/data:0
[    4200ms] [ERROR] Failed to load resource: net::ERR_CONNECTION_CLOSED @ https://apm-fe.xiaohongshu.com/api/data:0
[    4200ms] [ERROR] Failed to load resource: net::ERR_CONNECTION_CLOSED @ https://apm-fe.xiaohongshu.com/api/data:0
[    4200ms] [ERROR] Failed to load resource: net::ERR_CONNECTION_CLOSED @ https://apm-fe.xiaohongshu.com/api/data:0
[    4200ms] [ERROR] Failed to load resource: net::ERR_CONNECTION_CLOSED @ https://apm-fe.xiaohongshu.com/api/data:0
[    4200ms] [ERROR] Failed to load resource: net::ERR_CONNECTION_CLOSED @ https://apm-fe.xiaohongshu.com/api/data:0
[    4200ms] [ERROR] Failed to load resource: net::ERR_CONNECTION_CLOSED @ https://apm-fe.xiaohongshu.com/api/data:0
[    4200ms] [ERROR] Failed to load resource: net::ERR_CONNECTION_CLOSED @ https://apm-fe.xiaohongshu.com/api/data:0
[    4201ms] [ERROR] Failed to load resource: net::ERR_CONNECTION_CLOSED @ https://apm-fe.xiaohongshu.com/api/data:0
[    5552ms] [LOG] Error @ :2
[    5825ms] [ERROR] Failed to load resource: net::ERR_CONNECTION_CLOSED @ https://t2.xiaohongshu.com/api/v2/collect:0
[    7618ms] [LOG] Error @ :2
[    8671ms] [ERROR] Failed to load resource: net::ERR_CONNECTION_CLOSED @ https://apm-fe.xiaohongshu.com/api/data:0
[   13431ms] [LOG] Error @ :2
[   16773ms] [ERROR] Failed to load resource: net::ERR_CONNECTION_CLOSED @ https://apm-fe.xiaohongshu.com/api/data:0
[   17874ms] [LOG] Error @ :2
[   19924ms] [LOG] Error @ :2
[   22926ms] [ERROR] Failed to load resource: net::ERR_CONNECTION_CLOSED @ https://apm-fe.xiaohongshu.com/api/data:0
[   24034ms] [LOG] Error @ :2
[   29092ms] [ERROR] Failed to load resource: net::ERR_CONNECTION_CLOSED @ https://apm-fe.xiaohongshu.com/api/data:0
[   34308ms] [LOG] Error @ :2
[   35263ms] [ERROR] Failed to load resource: net::ERR_CONNECTION_CLOSED @ https://apm-fe.xiaohongshu.com/api/data:0
[   36363ms] [LOG] Error @ :2
[   38414ms] [LOG] Error @ :2
[   40470ms] [LOG] Error @ :2
[   41437ms] [ERROR] Failed to load resource: net::ERR_CONNECTION_CLOSED @ https://apm-fe.xiaohongshu.com/api/data:0
[   44593ms] [LOG] Error @ :2
[   46644ms] [LOG] Error @ :2
[   47596ms] [ERROR] Failed to load resource: net::ERR_CONNECTION_CLOSED @ https://apm-fe.xiaohongshu.com/api/data:0
[   48694ms] [LOG] Error @ :2
[   52797ms] [LOG] Error @ :2
[   52882ms] [ERROR] Failed to load resource: net::ERR_CONNECTION_CLOSED @ https://t2.xiaohongshu.com/api/v2/collect:0
[   52882ms] [ERROR] Failed to load resource: net::ERR_CONNECTION_CLOSED @ https://t2.xiaohongshu.com/api/v2/collect:0
[   53751ms] [ERROR] Failed to load resource: net::ERR_CONNECTION_CLOSED @ https://apm-fe.xiaohongshu.com/api/data:0
[   54928ms] [ERROR] Failed to load resource: net::ERR_CONNECTION_CLOSED @ https://t2.xiaohongshu.com/api/v2/collect:0
[   57002ms] [ERROR] Failed to load resource: net::ERR_CONNECTION_CLOSED @ https://t2.xiaohongshu.com/api/v2/collect:0
[   57003ms] [ERROR] Failed to load resource: net::ERR_CONNECTION_CLOSED @ https://t2.xiaohongshu.com/api/v2/collect:0
[   57245ms] [LOG] Error @ :2
[   57273ms] [ERROR] Failed to load resource: net::ERR_CONNECTION_CLOSED @ https://t2.xiaohongshu.com/api/v2/collect:0
[   57274ms] [ERROR] Failed to load resource: net::ERR_CONNECTION_CLOSED @ https://t2.xiaohongshu.com/api/v2/collect:0
[   57275ms] [ERROR] Failed to load resource: net::ERR_CONNECTION_CLOSED @ https://t2.xiaohongshu.com/api/v2/collect:0
[   57325ms] [ERROR] Failed to load resource: net::ERR_CONNECTION_CLOSED @ https://apm-fe.xiaohongshu.com/api/data:0
[   57445ms] [LOG] Error @ :2
[   57461ms] [LOG] Error @ :2
[   57464ms] [LOG] Error @ :2
[   57467ms] [LOG] Error @ :2
[   57471ms] [LOG] Error @ :2
[   57475ms] [LOG] Error @ :2
[   57507ms] [LOG] Error @ :2
[   57512ms] [ERROR] Failed to load resource: net::ERR_CONNECTION_CLOSED @ https://t2.xiaohongshu.com/api/v2/collect:0
[   57516ms] [ERROR] Failed to load resource: net::ERR_CONNECTION_CLOSED @ https://t2.xiaohongshu.com/api/v2/collect:0
[   57516ms] [ERROR] Failed to load resource: net::ERR_CONNECTION_CLOSED @ https://t2.xiaohongshu.com/api/v2/collect:0
[   57516ms] [ERROR] Failed to load resource: net::ERR_CONNECTION_CLOSED @ https://t2.xiaohongshu.com/api/v2/collect:0
[   57516ms] [ERROR] Failed to load resource: net::ERR_CONNECTION_CLOSED @ https://t2.xiaohongshu.com/api/v2/collect:0
[   57516ms] [ERROR] Failed to load resource: net::ERR_CONNECTION_CLOSED @ https://t2.xiaohongshu.com/api/v2/collect:0
[   57516ms] [ERROR] Failed to load resource: net::ERR_CONNECTION_CLOSED @ https://t2.xiaohongshu.com/api/v2/collect:0
[   57516ms] [ERROR] Failed to load resource: net::ERR_CONNECTION_CLOSED @ https://t2.xiaohongshu.com/api/v2/collect:0
[   57516ms] [ERROR] Failed to load resource: net::ERR_CONNECTION_CLOSED @ https://t2.xiaohongshu.com/api/v2/collect:0
[   57516ms] [ERROR] Failed to load resource: net::ERR_CONNECTION_CLOSED @ https://t2.xiaohongshu.com/api/v2/collect:0
[   57546ms] [ERROR] Failed to load resource: net::ERR_CONNECTION_CLOSED @ https://apm-fe.xiaohongshu.com/api/data:0
[   57552ms] [LOG] Error @ :2
[   57673ms] [ERROR] Failed to load resource: net::ERR_CONNECTION_CLOSED @ https://apm-fe.xiaohongshu.com/api/data:0
[   57674ms] [ERROR] Failed to load resource: net::ERR_CONNECTION_CLOSED @ https://t2.xiaohongshu.com/api/v2/collect:0
[   57847ms] [ERROR] Failed to load resource: net::ERR_CONNECTION_CLOSED @ https://apm-fe.xiaohongshu.com/api/data:0
[   61131ms] [ERROR] Failed to load resource: net::ERR_CONNECTION_CLOSED @ https://t2.xiaohongshu.com/api/v2/collect:0
[   61452ms] [ERROR] Failed to load resource: net::ERR_CONNECTION_CLOSED @ https://apm-fe.xiaohongshu.com/api/data:0
[   71968ms] [ERROR] Failed to load resource: net::ERR_CONNECTION_CLOSED @ https://t2.xiaohongshu.com/api/v2/collect:0
[   72280ms] [ERROR] Failed to load resource: net::ERR_CONNECTION_CLOSED @ https://www.googleadservices.com/pagead/conversion/16521530460/?gad_source=1&adview_type=1&adview_query_id=CKaflvfMyZUDFT5dDwIdvVEHxg:0
[   72357ms] [ERROR] Failed to load resource: net::ERR_CONNECTION_CLOSED @ https://ogads-pa.clients6.google.com/$rpc/google.internal.onegoogle.asyncdata.v1.AsyncDataService/GetAsyncData:0
[   72701ms] [ERROR] Failed to load resource: net::ERR_CONNECTION_CLOSED @ https://ep1.adtrafficquality.google/getconfig/sodar?sv=200&tid=oos&tv=2486&st=cr_env&sjk=lK1Raq6wMsbK2roP7NGV-AQ:0
