[     241ms] [ERROR] Failed to load resource: net::ERR_CONNECTION_CLOSED @ https://ogads-pa.clients6.google.com/$rpc/google.internal.onegoogle.asyncdata.v1.AsyncDataService/GetAsyncData:0
[    4058ms] [ERROR] Failed to load resource: the server responded with a status of 502 (Bad Gateway) @ http://static.mediav.com/js/ssp_ad_sdk.js:0
[    4136ms] [ERROR] Failed to load resource: net::ERR_CONNECTION_CLOSED @ https://static.mediav.com/js/ssp_ad_sdk.js:0
[    4149ms] [ERROR] Failed to load resource: net::ERR_CONNECTION_CLOSED @ https://static.mediav.com/js/ssp_ad_sdk.js:0
[    4368ms] [ERROR] Failed to load resource: net::ERR_CONNECTION_CLOSED @ https://nex.163.com/q?app=7BE0FC82&c=homepage&l=11,13,12&site=netease&affiliate=homepage&cat=homepage&type=column1200x125_960100&location=1,2,4&useruuid=719e76ed8e591f7d8da65020a9fc7353&cb=nteeaseadtrack20210:0
[    4368ms] [ERROR] Failed to load resource: net::ERR_CONNECTION_CLOSED @ https://nex.163.com/q?app=7BE0FC82&c=homepage&l=227,228,229,230,231,134,232,233,135,207,138,202,136,209,137,210,212,213,234,219,220,221,222,217,218,215,216&site=netease&affiliate=homepage&cat=homepage&type=localtextlink&location=227,228,229,230,231,11,232,233,12,207,15,202,13,209,14,210,212,213,234,219,220,221,222,217,218,215,216&useruuid=719e76ed8e591f7d8da65020a9fc7353&cb=nteeaseadtrack20211:0
[    4368ms] [ERROR] Failed to load resource: net::ERR_CONNECTION_CLOSED @ https://nex.163.com/q?app=7BE0FC82&c=homepage&l=21,22,23,24,25,26&site=netease&affiliate=homepage&cat=homepage&type=column860x125-630x91&location=1,2,3,4,5,6&useruuid=719e76ed8e591f7d8da65020a9fc7353&cb=nteeaseadtrack20212:0
[    4368ms] [ERROR] Failed to load resource: net::ERR_CONNECTION_CLOSED @ https://nex.163.com/q?app=7BE0FC82&c=homepage&l=33,34,39,40,41,35,36,37,38&site=netease&affiliate=homepage&cat=homepage&type=logo300x250&location=1,2,14,3,9,4,7,8,12&useruuid=719e76ed8e591f7d8da65020a9fc7353&cb=nteeaseadtrack20213:0
[    4368ms] [ERROR] Failed to load resource: net::ERR_CONNECTION_CLOSED @ https://nex.163.com/q?app=7BE0FC82&c=homepage&l=27,28,29,30&site=netease&affiliate=homepage&cat=homepage&type=logo425x125-310x91&location=1,2,3,4&useruuid=719e76ed8e591f7d8da65020a9fc7353&cb=nteeaseadtrack20214:0
[    4369ms] [WARNING] Mixed Content: The page at 'https://www.163.com/?referFrom=' was loaded over HTTPS, but requested an insecure element 'http://pic-bucket.ws.126.net/photo/0007/2023-06-14/I775S9JSSHOI0007NOS.png?imageView&thumbnail=400y300'. This request was automatically upgraded to HTTPS, For more information see https://blog.chromium.org/2019/10/no-more-mixed-messages-about-https.html @ https://www.163.com/?referFrom=:0
[    4369ms] [WARNING] Mixed Content: The page at 'https://www.163.com/?referFrom=' was loaded over HTTPS, but requested an insecure element 'http://pic-bucket.ws.126.net/photo/0007/2018-10-15/DU5EDHO257KI0007NOS.jpg?imageView&thumbnail=400y300'. This request was automatically upgraded to HTTPS, For more information see https://blog.chromium.org/2019/10/no-more-mixed-messages-about-https.html @ https://www.163.com/?referFrom=:0
[    4369ms] [WARNING] Mixed Content: The page at 'https://www.163.com/?referFrom=' was loaded over HTTPS, but requested an insecure element 'http://pic-bucket.ws.126.net/photo/0007/2023-06-20/I7MPMP12SHT40007NOS.jpg?imageView&thumbnail=400y300'. This request was automatically upgraded to HTTPS, For more information see https://blog.chromium.org/2019/10/no-more-mixed-messages-about-https.html @ https://www.163.com/?referFrom=:0
[    4369ms] [WARNING] Mixed Content: The page at 'https://www.163.com/?referFrom=' was loaded over HTTPS, but requested an insecure element 'http://pic-bucket.ws.126.net/photo/0007/2019-05-10/EER8T4OTNVDB0007NOS.jpg?imageView&thumbnail=400y300'. This request was automatically upgraded to HTTPS, For more information see https://blog.chromium.org/2019/10/no-more-mixed-messages-about-https.html @ https://www.163.com/?referFrom=:0
[    4369ms] [WARNING] Mixed Content: The page at 'https://www.163.com/?referFrom=' was loaded over HTTPS, but requested an insecure element 'http://pic-bucket.ws.126.net/photo/0007/2022-11-10/HLQTO1ETSD500007NOS.jpg?imageView&thumbnail=400y300'. This request was automatically upgraded to HTTPS, For more information see https://blog.chromium.org/2019/10/no-more-mixed-messages-about-https.html @ https://www.163.com/?referFrom=:0
[    4370ms] [WARNING] Mixed Content: The page at 'https://www.163.com/?referFrom=' was loaded over HTTPS, but requested an insecure element 'http://pic-bucket.ws.126.net/photo/0007/2023-06-14/I777B61BSHOR0007NOS.png?imageView&thumbnail=400y300'. This request was automatically upgraded to HTTPS, For more information see https://blog.chromium.org/2019/10/no-more-mixed-messages-about-https.html @ https://www.163.com/?referFrom=:0
[    4422ms] [ERROR] Failed to load resource: the server responded with a status of 404 () @ https://pic-bucket.ws.126.net/photo/0007/2023-06-14/I777B61BSHOR0007NOS.png?imageView&thumbnail=400y300:0
[    4423ms] [ERROR] Failed to load resource: the server responded with a status of 404 () @ https://pic-bucket.ws.126.net/photo/0007/2022-11-10/HLQTO1ETSD500007NOS.jpg?imageView&thumbnail=400y300:0
[    4533ms] [ERROR] Failed to load resource: net::ERR_CONNECTION_CLOSED @ https://yt-adp.ws.126.net/ntesrich/auto/adbox/adbox-v1.1.2-120705.js:0
[    4737ms] [ERROR] Failed to load resource: net::ERR_CONNECTION_CLOSED @ https://h5.analytics.126.net/news/c?%7B%22val_nm%22%3A%22pageview%22%2C%22val_act%22%3A%22pageview%22%2C%22projectid%22%3A%22NTM-KFGT6I8U-30%22%2C%22sdk_ver%22%3A%222.2.0%22%2C%22session_id%22%3A%221783737867872%22%2C%22ct%22%3A%22chrome%22%2C%22source%22%3A%22other%22%2C%22uuid%22%3A%22719e76ed8e591f7d8da65020a9fc7353%22%2C%22channel%22%3A%22%22%2C%22val_url%22%3A%22https%3A%2F%2Fwww.163.com%2F%3FreferFrom%3D%22%2C%22uid%22%3A%22%22%2C%22uname%22%3A%22%22%2C%22val_ref%22%3A%22http%3A%2F%2Fwww.163.com%2F%22%2C%22val_ref_from%22%3A%22other%22%2C%22origin_from%22%3A%22other%22%2C%22sc%22%3A%221440*900%22%2C%22info%22%3A%7B%22spstitle%22%3A%22%E7%BD%91%E6%98%93%22%2C%22spssid%22%3A%22%22%2C%22spsw%22%3A0%2C%22ptime%22%3A%22%22%7D%2C%22tm%22%3A1783738106452%7D:0
[    5424ms] [LOG] ad.js done @ https://static.ws.126.net/163/f2e/www/index20250101/static/js/main.dc344130.js:0
[    5447ms] [ERROR] Failed to load resource: net::ERR_CONNECTION_CLOSED @ https://yt-adp.ws.126.net/channel4/300250_dbry_20190322.jpg:0
[    5489ms] [ERROR] Failed to load resource: net::ERR_CONNECTION_CLOSED @ https://yt-adp.ws.126.net/channel14/300250_cgmj_20240722.jpg:0
[    5534ms] [ERROR] Failed to load resource: net::ERR_CONNECTION_CLOSED @ https://webstat.ws.126.net/p/:0
[    5876ms] [ERROR] Failed to load resource: net::ERR_CONNECTION_CLOSED @ https://h5.analytics.126.net/news/g:0
[    5879ms] Uncaught (in promise) TypeError: Failed to fetch
    at u (https://static.ws.126.net/163/frontend/libs/antanalysis.min.js:1:15960)
    at <anonymous> (https://static.ws.126.net/163/frontend/libs/antanalysis.min.js:1:17074)
[    5929ms] [ERROR] Failed to load resource: net::ERR_CONNECTION_CLOSED @ https://h5.analytics.126.net/news/g:0
[    5930ms] Uncaught (in promise) TypeError: Failed to fetch
    at u (https://static.ws.126.net/163/frontend/libs/antanalysis.min.js:1:15960)
    at <anonymous> (https://static.ws.126.net/163/frontend/libs/antanalysis.min.js:1:17074)
[    5974ms] [ERROR] Failed to load resource: net::ERR_CONNECTION_CLOSED @ https://h5.analytics.126.net/news/g:0
[    5974ms] Uncaught (in promise) TypeError: Failed to fetch
    at u (https://static.ws.126.net/163/frontend/libs/antanalysis.min.js:1:15960)
    at <anonymous> (https://static.ws.126.net/163/frontend/libs/antanalysis.min.js:1:17074)
[    6027ms] [ERROR] Failed to load resource: net::ERR_CONNECTION_CLOSED @ https://h5.analytics.126.net/news/g:0
[    6027ms] Uncaught (in promise) TypeError: Failed to fetch
    at u (https://static.ws.126.net/163/frontend/libs/antanalysis.min.js:1:15960)
    at <anonymous> (https://static.ws.126.net/163/frontend/libs/antanalysis.min.js:1:17074)
[   10407ms] [ERROR] Failed to load resource: net::ERR_CONNECTION_CLOSED @ https://h5.analytics.126.net/news/g:0
[   10407ms] Uncaught (in promise) TypeError: Failed to fetch
    at u (https://static.ws.126.net/163/frontend/libs/antanalysis.min.js:1:15960)
    at <anonymous> (https://static.ws.126.net/163/frontend/libs/antanalysis.min.js:1:17074)
[   10457ms] [ERROR] Failed to load resource: net::ERR_CONNECTION_CLOSED @ https://h5.analytics.126.net/news/g:0
[   10457ms] Uncaught (in promise) TypeError: Failed to fetch
    at u (https://static.ws.126.net/163/frontend/libs/antanalysis.min.js:1:15960)
    at <anonymous> (https://static.ws.126.net/163/frontend/libs/antanalysis.min.js:1:17074)
[   17403ms] [ERROR] Failed to load resource: net::ERR_CONNECTION_CLOSED @ https://h5.analytics.126.net/news/g:0
[   17404ms] Uncaught (in promise) TypeError: Failed to fetch
    at u (https://static.ws.126.net/163/frontend/libs/antanalysis.min.js:1:15960)
    at <anonymous> (https://static.ws.126.net/163/frontend/libs/antanalysis.min.js:1:17074)
[   23396ms] [ERROR] Failed to load resource: net::ERR_CONNECTION_CLOSED @ https://h5.analytics.126.net/news/g:0
[   23396ms] Uncaught (in promise) TypeError: Failed to fetch
    at u (https://static.ws.126.net/163/frontend/libs/antanalysis.min.js:1:15960)
    at <anonymous> (https://static.ws.126.net/163/frontend/libs/antanalysis.min.js:1:17074)
[   29392ms] [ERROR] Failed to load resource: net::ERR_CONNECTION_CLOSED @ https://h5.analytics.126.net/news/g:0
[   29392ms] Uncaught (in promise) TypeError: Failed to fetch
    at u (https://static.ws.126.net/163/frontend/libs/antanalysis.min.js:1:15960)
    at <anonymous> (https://static.ws.126.net/163/frontend/libs/antanalysis.min.js:1:17074)
[   64359ms] Uncaught (in promise) TypeError: Cannot read properties of undefined (reading 'forEach')
    at <anonymous> (https://static.ws.126.net/163/f2e/modules/adtracker2022/adtracker2022.c0c4bb11.js:1:887600)
[   64359ms] Uncaught (in promise) TypeError: Cannot read properties of undefined (reading 'forEach')
    at <anonymous> (https://static.ws.126.net/163/f2e/modules/adtracker2022/adtracker2022.c0c4bb11.js:1:887600)
[   64359ms] Uncaught (in promise) TypeError: Cannot read properties of undefined (reading 'forEach')
    at <anonymous> (https://static.ws.126.net/163/f2e/modules/adtracker2022/adtracker2022.c0c4bb11.js:1:887600)
[   64359ms] Uncaught (in promise) TypeError: Cannot read properties of undefined (reading 'forEach')
    at <anonymous> (https://static.ws.126.net/163/f2e/modules/adtracker2022/adtracker2022.c0c4bb11.js:1:887600)
[   64359ms] Uncaught (in promise) TypeError: Cannot read properties of undefined (reading 'forEach')
    at <anonymous> (https://static.ws.126.net/163/f2e/modules/adtracker2022/adtracker2022.c0c4bb11.js:1:887600)
