[     453ms] [ERROR] Failed to load resource: net::ERR_CONNECTION_CLOSED @ https://ogads-pa.clients6.google.com/$rpc/google.internal.onegoogle.asyncdata.v1.AsyncDataService/GetAsyncData:0
[    8330ms] [ERROR] The Cross-Origin-Opener-Policy header has been ignored, because the URL's origin was untrustworthy. It was defined either in the final response or a redirect. Please deliver the response using the HTTPS protocol. You can also use the 'localhost' origin instead. See https://www.w3.org/TR/powerful-features/#potentially-trustworthy-origin and https://html.spec.whatwg.org/#the-cross-origin-opener-policy-header. @ https://www.google.com/:0
[    8330ms] [ERROR] The Cross-Origin-Opener-Policy header has been ignored, because the URL's origin was untrustworthy. It was defined either in the final response or a redirect. Please deliver the response using the HTTPS protocol. You can also use the 'localhost' origin instead. See https://www.w3.org/TR/powerful-features/#potentially-trustworthy-origin and https://html.spec.whatwg.org/#the-cross-origin-opener-policy-header. @ https://www.google.com/:0
[    8635ms] [ERROR] Failed to load resource: net::ERR_CONNECTION_CLOSED @ https://ogads-pa.clients6.google.com/$rpc/google.internal.onegoogle.asyncdata.v1.AsyncDataService/GetAsyncData:0
[   14344ms] [ERROR] Failed to load resource: the server responded with a status of 502 (Bad Gateway) @ http://static.mediav.com/js/ssp_ad_sdk.js:0
[   14468ms] [ERROR] Failed to load resource: net::ERR_CONNECTION_CLOSED @ https://static.mediav.com/js/ssp_ad_sdk.js:0
[   14517ms] [ERROR] Failed to load resource: net::ERR_CONNECTION_CLOSED @ https://static.mediav.com/js/ssp_ad_sdk.js:0
[   14899ms] [ERROR] Failed to load resource: net::ERR_CONNECTION_CLOSED @ https://nex.163.com/q?app=7BE0FC82&c=homepage&l=11,13,12&site=netease&affiliate=homepage&cat=homepage&type=column1200x125_960100&location=1,2,4&useruuid=719e76ed8e591f7d8da65020a9fc7353&cb=nteeaseadtrack20210:0
[   14899ms] [ERROR] Failed to load resource: net::ERR_CONNECTION_CLOSED @ https://nex.163.com/q?app=7BE0FC82&c=homepage&l=227,228,229,230,231,134,232,233,135,207,138,202,136,209,137,210,212,213,234,219,220,221,222,217,218,215,216&site=netease&affiliate=homepage&cat=homepage&type=localtextlink&location=227,228,229,230,231,11,232,233,12,207,15,202,13,209,14,210,212,213,234,219,220,221,222,217,218,215,216&useruuid=719e76ed8e591f7d8da65020a9fc7353&cb=nteeaseadtrack20211:0
[   14899ms] [ERROR] Failed to load resource: net::ERR_CONNECTION_CLOSED @ https://nex.163.com/q?app=7BE0FC82&c=homepage&l=21,22,23,24,25,26&site=netease&affiliate=homepage&cat=homepage&type=column860x125-630x91&location=1,2,3,4,5,6&useruuid=719e76ed8e591f7d8da65020a9fc7353&cb=nteeaseadtrack20212:0
[   14899ms] [ERROR] Failed to load resource: net::ERR_CONNECTION_CLOSED @ https://nex.163.com/q?app=7BE0FC82&c=homepage&l=33,34,39,40,41,35,36,37,38&site=netease&affiliate=homepage&cat=homepage&type=logo300x250&location=1,2,14,3,9,4,7,8,12&useruuid=719e76ed8e591f7d8da65020a9fc7353&cb=nteeaseadtrack20213:0
[   14899ms] [ERROR] Failed to load resource: net::ERR_CONNECTION_CLOSED @ https://nex.163.com/q?app=7BE0FC82&c=homepage&l=27,28,29,30&site=netease&affiliate=homepage&cat=homepage&type=logo425x125-310x91&location=1,2,3,4&useruuid=719e76ed8e591f7d8da65020a9fc7353&cb=nteeaseadtrack20214:0
[   15274ms] [ERROR] Failed to load resource: net::ERR_CONNECTION_CLOSED @ https://yt-adp.ws.126.net/ntesrich/auto/adbox/adbox-v1.1.2-120705.js:0
[   15278ms] [ERROR] Failed to load resource: net::ERR_CONNECTION_CLOSED @ https://h5.analytics.126.net/news/c?%7B%22val_nm%22%3A%22pageview%22%2C%22val_act%22%3A%22pageview%22%2C%22projectid%22%3A%22NTM-KFGT6I8U-30%22%2C%22sdk_ver%22%3A%222.2.0%22%2C%22session_id%22%3A1783737867872%2C%22ct%22%3A%22chrome%22%2C%22source%22%3A%22other%22%2C%22uuid%22%3A%22719e76ed8e591f7d8da65020a9fc7353%22%2C%22channel%22%3A%22%22%2C%22val_url%22%3A%22https%3A%2F%2Fwww.163.com%2F%3FreferFrom%3D%22%2C%22uid%22%3A%22%22%2C%22uname%22%3A%22%22%2C%22val_ref%22%3A%22http%3A%2F%2Fwww.163.com%2F%22%2C%22val_ref_from%22%3A%22other%22%2C%22origin_from%22%3A%22other%22%2C%22sc%22%3A%221440*900%22%2C%22info%22%3A%7B%22spstitle%22%3A%22%E7%BD%91%E6%98%93%22%2C%22spssid%22%3A%22%22%2C%22spsw%22%3A0%2C%22ptime%22%3A%22%22%7D%2C%22tm%22%3A1783737867873%7D:0
[   15334ms] [WARNING] Mixed Content: The page at 'https://www.163.com/?referFrom=' was loaded over HTTPS, but requested an insecure element 'http://pic-bucket.ws.126.net/photo/0007/2023-06-14/I775S9JSSHOI0007NOS.png?imageView&thumbnail=400y300'. This request was automatically upgraded to HTTPS, For more information see https://blog.chromium.org/2019/10/no-more-mixed-messages-about-https.html @ https://www.163.com/?referFrom=:0
[   15334ms] [WARNING] Mixed Content: The page at 'https://www.163.com/?referFrom=' was loaded over HTTPS, but requested an insecure element 'http://pic-bucket.ws.126.net/photo/0007/2018-10-15/DU5EDHO257KI0007NOS.jpg?imageView&thumbnail=400y300'. This request was automatically upgraded to HTTPS, For more information see https://blog.chromium.org/2019/10/no-more-mixed-messages-about-https.html @ https://www.163.com/?referFrom=:0
[   15334ms] [WARNING] Mixed Content: The page at 'https://www.163.com/?referFrom=' was loaded over HTTPS, but requested an insecure element 'http://pic-bucket.ws.126.net/photo/0007/2023-06-20/I7MPMP12SHT40007NOS.jpg?imageView&thumbnail=400y300'. This request was automatically upgraded to HTTPS, For more information see https://blog.chromium.org/2019/10/no-more-mixed-messages-about-https.html @ https://www.163.com/?referFrom=:0
[   15334ms] [WARNING] Mixed Content: The page at 'https://www.163.com/?referFrom=' was loaded over HTTPS, but requested an insecure element 'http://pic-bucket.ws.126.net/photo/0007/2019-05-10/EER8T4OTNVDB0007NOS.jpg?imageView&thumbnail=400y300'. This request was automatically upgraded to HTTPS, For more information see https://blog.chromium.org/2019/10/no-more-mixed-messages-about-https.html @ https://www.163.com/?referFrom=:0
[   15334ms] [WARNING] Mixed Content: The page at 'https://www.163.com/?referFrom=' was loaded over HTTPS, but requested an insecure element 'http://pic-bucket.ws.126.net/photo/0007/2022-11-10/HLQTO1ETSD500007NOS.jpg?imageView&thumbnail=400y300'. This request was automatically upgraded to HTTPS, For more information see https://blog.chromium.org/2019/10/no-more-mixed-messages-about-https.html @ https://www.163.com/?referFrom=:0
[   15334ms] [WARNING] Mixed Content: The page at 'https://www.163.com/?referFrom=' was loaded over HTTPS, but requested an insecure element 'http://pic-bucket.ws.126.net/photo/0007/2023-06-14/I777B61BSHOR0007NOS.png?imageView&thumbnail=400y300'. This request was automatically upgraded to HTTPS, For more information see https://blog.chromium.org/2019/10/no-more-mixed-messages-about-https.html @ https://www.163.com/?referFrom=:0
[   15464ms] [ERROR] Failed to load resource: the server responded with a status of 404 () @ https://pic-bucket.ws.126.net/photo/0007/2022-11-10/HLQTO1ETSD500007NOS.jpg?imageView&thumbnail=400y300:0
[   15478ms] [ERROR] Failed to load resource: the server responded with a status of 404 () @ https://pic-bucket.ws.126.net/photo/0007/2023-06-14/I777B61BSHOR0007NOS.png?imageView&thumbnail=400y300:0
[   15961ms] [LOG] ad.js done @ https://static.ws.126.net/163/f2e/www/index20250101/static/js/main.dc344130.js:0
[   15981ms] [ERROR] Failed to load resource: net::ERR_CONNECTION_CLOSED @ https://yt-adp.ws.126.net/channel14/300250_dneg_20240722.jpg:0
[   16023ms] [ERROR] Failed to load resource: net::ERR_CONNECTION_CLOSED @ https://yt-adp.ws.126.net/channel4/300250_cztx_20190322.jpg:0
[   16416ms] [ERROR] Failed to load resource: net::ERR_CONNECTION_CLOSED @ https://h5.analytics.126.net/news/g:0
[   16419ms] Uncaught (in promise) TypeError: Failed to fetch
    at u (https://static.ws.126.net/163/frontend/libs/antanalysis.min.js:1:15960)
    at <anonymous> (https://static.ws.126.net/163/frontend/libs/antanalysis.min.js:1:17074)
[   16466ms] [ERROR] Failed to load resource: net::ERR_CONNECTION_CLOSED @ https://h5.analytics.126.net/news/g:0
[   16466ms] Uncaught (in promise) TypeError: Failed to fetch
    at u (https://static.ws.126.net/163/frontend/libs/antanalysis.min.js:1:15960)
    at <anonymous> (https://static.ws.126.net/163/frontend/libs/antanalysis.min.js:1:17074)
[   16516ms] [ERROR] Failed to load resource: net::ERR_CONNECTION_CLOSED @ https://h5.analytics.126.net/news/g:0
[   16516ms] Uncaught (in promise) TypeError: Failed to fetch
    at u (https://static.ws.126.net/163/frontend/libs/antanalysis.min.js:1:15960)
    at <anonymous> (https://static.ws.126.net/163/frontend/libs/antanalysis.min.js:1:17074)
[   16567ms] [ERROR] Failed to load resource: net::ERR_CONNECTION_CLOSED @ https://h5.analytics.126.net/news/g:0
[   16567ms] Uncaught (in promise) TypeError: Failed to fetch
    at u (https://static.ws.126.net/163/frontend/libs/antanalysis.min.js:1:15960)
    at <anonymous> (https://static.ws.126.net/163/frontend/libs/antanalysis.min.js:1:17074)
