[    1999ms] Error: Minified React error #418; visit https://react.dev/errors/418?args[]=text&args[]= for the full message or use the non-minified dev environment for full errors and additional helpful warnings.
    at Li (https://www.alphaxiv.org/assets/index-BwkCEqZx.js:9:31175)
    at Lc (https://www.alphaxiv.org/assets/index-BwkCEqZx.js:9:87413)
    at Ru (https://www.alphaxiv.org/assets/index-BwkCEqZx.js:9:116704)
    at Fu (https://www.alphaxiv.org/assets/index-BwkCEqZx.js:9:115974)
    at Pu (https://www.alphaxiv.org/assets/index-BwkCEqZx.js:9:115886)
    at Nu (https://www.alphaxiv.org/assets/index-BwkCEqZx.js:9:115745)
    at yu (https://www.alphaxiv.org/assets/index-BwkCEqZx.js:9:111303)
    at fd (https://www.alphaxiv.org/assets/index-BwkCEqZx.js:9:123249)
    at D (https://www.alphaxiv.org/assets/index-BwkCEqZx.js:2:6192)
    at T.<computed> (https://www.alphaxiv.org/assets/core-js-CpjXQgWu.js:4:12660)
[    2211ms] [ERROR] Not signed in with the identity provider. @ https://www.alphaxiv.org/abs/2026.dspark:0
[    2311ms] [INFO] PDF Cache Miss: 2026.dsparkv1 @ https://www.alphaxiv.org/ph/static/posthog-recorder.js?v=1.373.5:0
[    3055ms] [ERROR] [GSI_LOGGER]: FedCM get() rejects with NetworkError: Error retrieving a token. @ https://www.alphaxiv.org/ph/static/exception-autocapture.js?v=1.373.5:0
[    3432ms] [ERROR] Failed to load resource: the server responded with a status of 401 () @ https://api.alphaxiv.org/assistant/v2?variant=paper&paperVersion=019f0b1b-85df-73a9-8692-9a6aec403eeb:0
[ 1173416ms] [ERROR] Failed to load resource: the server responded with a status of 401 () @ https://api.alphaxiv.org/assistant/v2?variant=paper&paperVersion=019f0b1b-85df-73a9-8692-9a6aec403eeb:0
[ 2251350ms] [ERROR] Failed to load resource: net::ERR_INTERNET_DISCONNECTED @ https://www.alphaxiv.org/ph/s/?ip=0&_=1783393551682&ver=1.373.5&compression=gzip-js:0
[ 2253714ms] [ERROR] Failed to load resource: the server responded with a status of 401 () @ https://api.alphaxiv.org/assistant/v2?variant=paper&paperVersion=019f0b1b-85df-73a9-8692-9a6aec403eeb:0
[ 3382410ms] [ERROR] Failed to load resource: net::ERR_INTERNET_DISCONNECTED @ https://www.alphaxiv.org/ph/s/?ip=0&_=1783394682769&ver=1.373.5&compression=gzip-js:0
[ 3383378ms] [ERROR] WebSocket connection to 'wss://api.alphaxiv.org/live' failed: Connection closed before receiving a handshake response @ https://www.alphaxiv.org/assets/live-query-CT1wLYJD.js:2
[ 3383416ms] [ERROR] Live WebSocket failed to connect (wss://api.alphaxiv.org) @ https://www.alphaxiv.org/ph/static/exception-autocapture.js?v=1.373.5:0
[ 3384695ms] [ERROR] Failed to load resource: the server responded with a status of 401 () @ https://api.alphaxiv.org/assistant/v2?variant=paper&paperVersion=019f0b1b-85df-73a9-8692-9a6aec403eeb:0
[ 3601506ms] [ERROR] Failed to load resource: net::ERR_INTERNET_DISCONNECTED @ https://www.alphaxiv.org/ph/s/?ip=0&_=1783394901839&ver=1.373.5&compression=gzip-js:0
[ 3608023ms] [ERROR] Failed to load resource: the server responded with a status of 401 () @ https://api.alphaxiv.org/assistant/v2?variant=paper&paperVersion=019f0b1b-85df-73a9-8692-9a6aec403eeb:0
[ 7436843ms] [ERROR] Failed to load resource: the server responded with a status of 401 () @ https://api.alphaxiv.org/assistant/v2?variant=paper&paperVersion=019f0b1b-85df-73a9-8692-9a6aec403eeb:0
[ 7781729ms] [ERROR] Failed to load resource: the server responded with a status of 401 () @ https://api.alphaxiv.org/assistant/v2?variant=paper&paperVersion=019f0b1b-85df-73a9-8692-9a6aec403eeb:0
[10580431ms] [ERROR] Failed to load resource: the server responded with a status of 401 () @ https://api.alphaxiv.org/assistant/v2?variant=paper&paperVersion=019f0b1b-85df-73a9-8692-9a6aec403eeb:0
[11601249ms] [ERROR] Failed to load resource: net::ERR_INTERNET_DISCONNECTED @ https://www.alphaxiv.org/ph/s/?ip=0&_=1783402901582&ver=1.373.5&compression=gzip-js:0
[11603599ms] [ERROR] Failed to load resource: the server responded with a status of 401 () @ https://api.alphaxiv.org/assistant/v2?variant=paper&paperVersion=019f0b1b-85df-73a9-8692-9a6aec403eeb:0
[11791637ms] [ERROR] Failed to load resource: the server responded with a status of 401 () @ https://api.alphaxiv.org/assistant/v2?variant=paper&paperVersion=019f0b1b-85df-73a9-8692-9a6aec403eeb:0
[15185946ms] [ERROR] Failed to load resource: the server responded with a status of 401 () @ https://api.alphaxiv.org/assistant/v2?variant=paper&paperVersion=019f0b1b-85df-73a9-8692-9a6aec403eeb:0
[16309284ms] [ERROR] Failed to load resource: the server responded with a status of 401 () @ https://api.alphaxiv.org/assistant/v2?variant=paper&paperVersion=019f0b1b-85df-73a9-8692-9a6aec403eeb:0
[16839177ms] [ERROR] Failed to load resource: the server responded with a status of 401 () @ https://api.alphaxiv.org/assistant/v2?variant=paper&paperVersion=019f0b1b-85df-73a9-8692-9a6aec403eeb:0
[18009736ms] [ERROR] Failed to load resource: the server responded with a status of 401 () @ https://api.alphaxiv.org/assistant/v2?variant=paper&paperVersion=019f0b1b-85df-73a9-8692-9a6aec403eeb:0
[19123603ms] [ERROR] WebSocket connection to 'wss://api.alphaxiv.org/live' failed: Connection closed before receiving a handshake response @ https://www.alphaxiv.org/assets/live-query-CT1wLYJD.js:2
[19123643ms] [ERROR] Live WebSocket failed to connect (wss://api.alphaxiv.org) @ https://www.alphaxiv.org/ph/static/exception-autocapture.js?v=1.373.5:0
[19124675ms] [ERROR] Failed to load resource: the server responded with a status of 401 () @ https://api.alphaxiv.org/assistant/v2?variant=paper&paperVersion=019f0b1b-85df-73a9-8692-9a6aec403eeb:0
[20212490ms] [ERROR] Failed to load resource: the server responded with a status of 401 () @ https://api.alphaxiv.org/assistant/v2?variant=paper&paperVersion=019f0b1b-85df-73a9-8692-9a6aec403eeb:0
[20499830ms] [ERROR] Failed to load resource: the server responded with a status of 401 () @ https://api.alphaxiv.org/assistant/v2?variant=paper&paperVersion=019f0b1b-85df-73a9-8692-9a6aec403eeb:0
[23540936ms] [ERROR] Failed to load resource: the server responded with a status of 401 () @ https://api.alphaxiv.org/assistant/v2?variant=paper&paperVersion=019f0b1b-85df-73a9-8692-9a6aec403eeb:0
[24019385ms] [ERROR] Failed to load resource: the server responded with a status of 401 () @ https://api.alphaxiv.org/assistant/v2?variant=paper&paperVersion=019f0b1b-85df-73a9-8692-9a6aec403eeb:0
[26895552ms] [ERROR] Failed to load resource: the server responded with a status of 401 () @ https://api.alphaxiv.org/assistant/v2?variant=paper&paperVersion=019f0b1b-85df-73a9-8692-9a6aec403eeb:0
[27760794ms] [ERROR] Failed to load resource: the server responded with a status of 401 () @ https://api.alphaxiv.org/assistant/v2?variant=paper&paperVersion=019f0b1b-85df-73a9-8692-9a6aec403eeb:0
[30519638ms] [ERROR] Failed to load resource: the server responded with a status of 401 () @ https://api.alphaxiv.org/assistant/v2?variant=paper&paperVersion=019f0b1b-85df-73a9-8692-9a6aec403eeb:0
[31418388ms] [ERROR] Failed to load resource: net::ERR_INTERNET_DISCONNECTED @ https://www.alphaxiv.org/ph/s/?ip=0&_=1783422718695&ver=1.373.5&compression=gzip-js:0
[31420725ms] [ERROR] Failed to load resource: the server responded with a status of 401 () @ https://api.alphaxiv.org/assistant/v2?variant=paper&paperVersion=019f0b1b-85df-73a9-8692-9a6aec403eeb:0
