[start] 22 companies (engine=Sogou, chromium)
[1/22] 01 北京天算星座科技有限公司 -> cached
[2/22] 02 中国航天科技集团商业卫星有限公司 -> cached
[3/22] 05 浪潮计算机科技有限公司 -> cached
[4/22] 06 国电南瑞科技股份有限公司 -> cached
[5/22] 07 哈尔滨工大卫星技术有限公司 -> cached
[6/22] 09 航天东方红卫星有限公司 -> cached
[7/22] 11 航天五院529厂（北京卫星制造厂） -> cached
[8/22] 12 中电云计算技术有限公司 | serp=21 pages=2 err=0
[9/22] 14 北京实创科技园开发建设股份有限公司 | serp=12 pages=2 err=0
[10/22] 16 北京智慧城市网络有限公司 | serp=22 pages=1 err=1
[11/22] 18 北京面壁智能科技有限责任公司 | serp=21 pages=1 err=1
[12/22] 19 摩尔线程智能科技（北京）股份有限公司 | serp=24 pages=1 err=1
[13/22] 20 北京清微智能科技股份有限公司 | serp=21 pages=0 err=2
[14/22] 21 龙芯中科技术股份有限公司 | serp=0 pages=0 err=2
[15/22] 22 百度智能云有限公司 | serp=23 pages=1 err=1
[16/22] 23 同方鼎欣科技股份有限公司 | serp=21 pages=1 err=1
[17/22] 24 银河航天（北京）科技有限公司集团股份有限公司 | serp=23 pages=0 err=2
[18/22] 25 一苇宇航（北京）科技有限公司 | serp=22 pages=1 err=1
[19/22] 26 北京航天驭星科技股份有限公司 | serp=23 pages=1 err=1
[20/22] 27 北京国电高科科技有限公司 | serp=22 pages=2 err=0
[21/22] 28 北京天兵科技有限公司 -> cached
[22/22] 29 北京蓝箭鸿擎科技有限公司 | serp=22 pages=0 err=2
[done] summaries.json with 22 companies
