[start] 89 companies (engine=Sogou, chromium)
[1/89] 01 北京天算星座科技有限公司 | serp=21 pages=2 err=0
[2/89] 02 中国航天科技集团商业卫星有限公司 | serp=19 pages=2 err=0
[3/89] 05 浪潮计算机科技有限公司 | serp=21 pages=2 err=0
[4/89] 06 国电南瑞科技股份有限公司 | serp=11 pages=2 err=0
[5/89] 07 哈尔滨工大卫星技术有限公司 | serp=23 pages=2 err=0
[6/89] 09 航天东方红卫星有限公司 | serp=22 pages=0 err=2
[7/89] 11 航天五院529厂（北京卫星制造厂） | serp=21 pages=2 err=0
node:events:487
      throw er; // Unhandled 'error' event
      ^

Error: write EPIPE
    at afterWriteDispatched (node:internal/stream_base_commons:159:15)
    at writeGeneric (node:internal/stream_base_commons:150:3)
    at Socket._writeGeneric (node:net:1026:11)
    at Socket._write (node:net:1038:8)
    at writeOrBuffer (node:internal/streams/writable:570:12)
    at _write (node:internal/streams/writable:499:10)
    at Writable.write (node:internal/streams/writable:508:10)
    at PipeTransport.send (/Users/backyes/work/claude_workspace/space_ecom/.venv/lib/python3.11/site-packages/playwright/driver/package/lib/coreBundle.js:34369:25)
    at dispatcherConnection.onmessage (/Users/backyes/work/claude_workspace/space_ecom/.venv/lib/python3.11/site-packages/playwright/driver/package/lib/coreBundle.js:67801:59)
    at DispatcherConnection.dispatch (/Users/backyes/work/claude_workspace/space_ecom/.venv/lib/python3.11/site-packages/playwright/driver/package/lib/coreBundle.js:18436:14)
Emitted 'error' event on Socket instance at:
    at emitErrorNT (node:internal/streams/destroy:170:8)
    at emitErrorCloseNT (node:internal/streams/destroy:129:3)
    at processTicksAndRejections (node:internal/process/task_queues:90:21)
    at runNextTicks (node:internal/process/task_queues:69:3)
    at process.processImmediate (node:internal/timers:472:9) {
  errno: -32,
  code: 'EPIPE',
  syscall: 'write'
}

Node.js v24.17.0
